WARNING: 'esp_prog.kicad_pcb' has no sibling .kicad_pro; copied the board only. The DRC floor is undefined for 'baseline.kicad_pcb' and later steps will fall back to the stock netclass (#441).
Modified 4 footprint positions
Successfully wrote C:\Users\rob\Documents\prive\git\KRT-961-review-final\review_final\run-20260914-121217\edge\baseline.kicad_pcb
WARNING: 'esp_prog.kicad_pcb' has no sibling .kicad_pro; copied the board only. The DRC floor is undefined for 'src.kicad_pcb' and later steps will fall back to the stock netclass (#441).
WARNING: 'esp_prog.kicad_pcb' has no sibling .kicad_pro; copied the board only. The DRC floor is undefined for 'src.kicad_pcb' and later steps will fall back to the stock netclass (#441).
WARNING: 'esp_prog.kicad_pcb' has no sibling .kicad_pro; copied the board only. The DRC floor is undefined for 'src.kicad_pcb' and later steps will fall back to the stock netclass (#441).
C:\Users\rob\Documents\prive\git\KRT-961-review-final\review_final\run-20260914-121217 96 passed, 0 failed

STDERR
Adding duplicate image handler for 'PNG file'
Adding duplicate image handler for 'JPEG file'
Adding duplicate image handler for 'TIFF file'
Adding duplicate image handler for 'GIF file'
Adding duplicate image handler for 'PNM file'
Adding duplicate image handler for 'PCX file'
Adding duplicate image handler for 'IFF file'
Adding duplicate image handler for 'Windows icon file'
Adding duplicate image handler for 'Windows cursor file'
Adding duplicate image handler for 'Windows animated cursor file'
Adding duplicate image handler for 'TGA file'
Adding duplicate image handler for 'XPM file'
Adding duplicate image handler for 'WebP file'
Adding duplicate image handler for 'PNG file'
Adding duplicate image handler for 'JPEG file'
Adding duplicate image handler for 'TIFF file'
Adding duplicate image handler for 'GIF file'
Adding duplicate image handler for 'PNM file'
Adding duplicate image handler for 'PCX file'
Adding duplicate image handler for 'IFF file'
Adding duplicate image handler for 'Windows icon file'
Adding duplicate image handler for 'Windows cursor file'
Adding duplicate image handler for 'Windows animated cursor file'
Adding duplicate image handler for 'TGA file'
Adding duplicate image handler for 'XPM file'
Adding duplicate image handler for 'WebP file'
Adding duplicate image handler for 'PNG file'
Adding duplicate image handler for 'JPEG file'
Adding duplicate image handler for 'TIFF file'
Adding duplicate image handler for 'GIF file'
Adding duplicate image handler for 'PNM file'
Adding duplicate image handler for 'PCX file'
Adding duplicate image handler for 'IFF file'
Adding duplicate image handler for 'Windows icon file'
Adding duplicate image handler for 'Windows cursor file'
Adding duplicate image handler for 'Windows animated cursor file'
Adding duplicate image handler for 'TGA file'
Adding duplicate image handler for 'XPM file'
Adding duplicate image handler for 'WebP file'
Adding duplicate image handler for 'PNG file'
Adding duplicate image handler for 'JPEG file'
Adding duplicate image handler for 'TIFF file'
Adding duplicate image handler for 'GIF file'
Adding duplicate image handler for 'PNM file'
Adding duplicate image handler for 'PCX file'
Adding duplicate image handler for 'IFF file'
Adding duplicate image handler for 'Windows icon file'
Adding duplicate image handler for 'Windows cursor file'
Adding duplicate image handler for 'Windows animated cursor file'
Adding duplicate image handler for 'TGA file'
Adding duplicate image handler for 'XPM file'
Adding duplicate image handler for 'WebP file'
Adding duplicate image handler for 'PNG file'
Adding duplicate image handler for 'JPEG file'
Adding duplicate image handler for 'TIFF file'
Adding duplicate image handler for 'GIF file'
Adding duplicate image handler for 'PNM file'
Adding duplicate image handler for 'PCX file'
Adding duplicate image handler for 'IFF file'
Adding duplicate image handler for 'Windows icon file'
Adding duplicate image handler for 'Windows cursor file'
Adding duplicate image handler for 'Windows animated cursor file'
Adding duplicate image handler for 'TGA file'
Adding duplicate image handler for 'XPM file'
Adding duplicate image handler for 'WebP file'
Adding duplicate image handler for 'PNG file'
Adding duplicate image handler for 'JPEG file'
Adding duplicate image handler for 'TIFF file'
Adding duplicate image handler for 'GIF file'
Adding duplicate image handler for 'PNM file'
Adding duplicate image handler for 'PCX file'
Adding duplicate image handler for 'IFF file'
Adding duplicate image handler for 'Windows icon file'
Adding duplicate image handler for 'Windows cursor file'
Adding duplicate image handler for 'Windows animated cursor file'
Adding duplicate image handler for 'TGA file'
Adding duplicate image handler for 'XPM file'
Adding duplicate image handler for 'WebP file'
Adding duplicate image handler for 'PNG file'
Adding duplicate image handler for 'JPEG file'
Adding duplicate image handler for 'TIFF file'
Adding duplicate image handler for 'GIF file'
Adding duplicate image handler for 'PNM file'
Adding duplicate image handler for 'PCX file'
Adding duplicate image handler for 'IFF file'
Adding duplicate image handler for 'Windows icon file'
Adding duplicate image handler for 'Windows cursor file'
Adding duplicate image handler for 'Windows animated cursor file'
Adding duplicate image handler for 'TGA file'
Adding duplicate image handler for 'XPM file'
Adding duplicate image handler for 'WebP file'
Adding duplicate image handler for 'PNG file'
Adding duplicate image handler for 'JPEG file'
Adding duplicate image handler for 'TIFF file'
Adding duplicate image handler for 'GIF file'
Adding duplicate image handler for 'PNM file'
Adding duplicate image handler for 'PCX file'
Adding duplicate image handler for 'IFF file'
Adding duplicate image handler for 'Windows icon file'
Adding duplicate image handler for 'Windows cursor file'
Adding duplicate image handler for 'Windows animated cursor file'
Adding duplicate image handler for 'TGA file'
Adding duplicate image handler for 'XPM file'
Adding duplicate image handler for 'WebP file'
Adding duplicate image handler for 'PNG file'
Adding duplicate image handler for 'JPEG file'
Adding duplicate image handler for 'TIFF file'
Adding duplicate image handler for 'GIF file'
Adding duplicate image handler for 'PNM file'
Adding duplicate image handler for 'PCX file'
Adding duplicate image handler for 'IFF file'
Adding duplicate image handler for 'Windows icon file'
Adding duplicate image handler for 'Windows cursor file'
Adding duplicate image handler for 'Windows animated cursor file'
Adding duplicate image handler for 'TGA file'
Adding duplicate image handler for 'XPM file'
Adding duplicate image handler for 'WebP file'
Adding duplicate image handler for 'PNG file'
Adding duplicate image handler for 'JPEG file'
Adding duplicate image handler for 'TIFF file'
Adding duplicate image handler for 'GIF file'
Adding duplicate image handler for 'PNM file'
Adding duplicate image handler for 'PCX file'
Adding duplicate image handler for 'IFF file'
Adding duplicate image handler for 'Windows icon file'
Adding duplicate image handler for 'Windows cursor file'
Adding duplicate image handler for 'Windows animated cursor file'
Adding duplicate image handler for 'TGA file'
Adding duplicate image handler for 'XPM file'
Adding duplicate image handler for 'WebP file'
Adding duplicate image handler for 'PNG file'
Adding duplicate image handler for 'JPEG file'
Adding duplicate image handler for 'TIFF file'
Adding duplicate image handler for 'GIF file'
Adding duplicate image handler for 'PNM file'
Adding duplicate image handler for 'PCX file'
Adding duplicate image handler for 'IFF file'
Adding duplicate image handler for 'Windows icon file'
Adding duplicate image handler for 'Windows cursor file'
Adding duplicate image handler for 'Windows animated cursor file'
Adding duplicate image handler for 'TGA file'
Adding duplicate image handler for 'XPM file'
Adding duplicate image handler for 'WebP file'
WARNING: 2 footprint block(s) share 1 reference(s) -- Ref* x2. Every block is kept; the later ones are keyed ~2, ~3 ... in file order, so this board parses as 21 parts. Legal in KiCad (a paired testpoint, a net tie), but rename them if they are meant to be distinct parts.
Adding duplicate image handler for 'PNG file'
Adding duplicate image handler for 'JPEG file'
Adding duplicate image handler for 'TIFF file'
Adding duplicate image handler for 'GIF file'
Adding duplicate image handler for 'PNM file'
Adding duplicate image handler for 'PCX file'
Adding duplicate image handler for 'IFF file'
Adding duplicate image handler for 'Windows icon file'
Adding duplicate image handler for 'Windows cursor file'
Adding duplicate image handler for 'Windows animated cursor file'
Adding duplicate image handler for 'TGA file'
Adding duplicate image handler for 'XPM file'
Adding duplicate image handler for 'WebP file'
Adding duplicate image handler for 'PNG file'
Adding duplicate image handler for 'JPEG file'
Adding duplicate image handler for 'TIFF file'
Adding duplicate image handler for 'GIF file'
Adding duplicate image handler for 'PNM file'
Adding duplicate image handler for 'PCX file'
Adding duplicate image handler for 'IFF file'
Adding duplicate image handler for 'Windows icon file'
Adding duplicate image handler for 'Windows cursor file'
Adding duplicate image handler for 'Windows animated cursor file'
Adding duplicate image handler for 'TGA file'
Adding duplicate image handler for 'XPM file'
Adding duplicate image handler for 'WebP file'
Adding duplicate image handler for 'PNG file'
Adding duplicate image handler for 'JPEG file'
Adding duplicate image handler for 'TIFF file'
Adding duplicate image handler for 'GIF file'
Adding duplicate image handler for 'PNM file'
Adding duplicate image handler for 'PCX file'
Adding duplicate image handler for 'IFF file'
Adding duplicate image handler for 'Windows icon file'
Adding duplicate image handler for 'Windows cursor file'
Adding duplicate image handler for 'Windows animated cursor file'
Adding duplicate image handler for 'TGA file'
Adding duplicate image handler for 'XPM file'
Adding duplicate image handler for 'WebP file'
Adding duplicate image handler for 'PNG file'
Adding duplicate image handler for 'JPEG file'
Adding duplicate image handler for 'TIFF file'
Adding duplicate image handler for 'GIF file'
Adding duplicate image handler for 'PNM file'
Adding duplicate image handler for 'PCX file'
Adding duplicate image handler for 'IFF file'
Adding duplicate image handler for 'Windows icon file'
Adding duplicate image handler for 'Windows cursor file'
Adding duplicate image handler for 'Windows animated cursor file'
Adding duplicate image handler for 'TGA file'
Adding duplicate image handler for 'XPM file'
Adding duplicate image handler for 'WebP file'
Adding duplicate image handler for 'PNG file'
Adding duplicate image handler for 'JPEG file'
Adding duplicate image handler for 'TIFF file'
Adding duplicate image handler for 'GIF file'
Adding duplicate image handler for 'PNM file'
Adding duplicate image handler for 'PCX file'
Adding duplicate image handler for 'IFF file'
Adding duplicate image handler for 'Windows icon file'
Adding duplicate image handler for 'Windows cursor file'
Adding duplicate image handler for 'Windows animated cursor file'
Adding duplicate image handler for 'TGA file'
Adding duplicate image handler for 'XPM file'
Adding duplicate image handler for 'WebP file'
Adding duplicate image handler for 'PNG file'
Adding duplicate image handler for 'JPEG file'
Adding duplicate image handler for 'TIFF file'
Adding duplicate image handler for 'GIF file'
Adding duplicate image handler for 'PNM file'
Adding duplicate image handler for 'PCX file'
Adding duplicate image handler for 'IFF file'
Adding duplicate image handler for 'Windows icon file'
Adding duplicate image handler for 'Windows cursor file'
Adding duplicate image handler for 'Windows animated cursor file'
Adding duplicate image handler for 'TGA file'
Adding duplicate image handler for 'XPM file'
Adding duplicate image handler for 'WebP file'
Adding duplicate image handler for 'PNG file'
Adding duplicate image handler for 'JPEG file'
Adding duplicate image handler for 'TIFF file'
Adding duplicate image handler for 'GIF file'
Adding duplicate image handler for 'PNM file'
Adding duplicate image handler for 'PCX file'
Adding duplicate image handler for 'IFF file'
Adding duplicate image handler for 'Windows icon file'
Adding duplicate image handler for 'Windows cursor file'
Adding duplicate image handler for 'Windows animated cursor file'
Adding duplicate image handler for 'TGA file'
Adding duplicate image handler for 'XPM file'
Adding duplicate image handler for 'WebP file'
Adding duplicate image handler for 'PNG file'
Adding duplicate image handler for 'JPEG file'
Adding duplicate image handler for 'TIFF file'
Adding duplicate image handler for 'GIF file'
Adding duplicate image handler for 'PNM file'
Adding duplicate image handler for 'PCX file'
Adding duplicate image handler for 'IFF file'
Adding duplicate image handler for 'Windows icon file'
Adding duplicate image handler for 'Windows cursor file'
Adding duplicate image handler for 'Windows animated cursor file'
Adding duplicate image handler for 'TGA file'
Adding duplicate image handler for 'XPM file'
Adding duplicate image handler for 'WebP file'
Adding duplicate image handler for 'PNG file'
Adding duplicate image handler for 'JPEG file'
Adding duplicate image handler for 'TIFF file'
Adding duplicate image handler for 'GIF file'
Adding duplicate image handler for 'PNM file'
Adding duplicate image handler for 'PCX file'
Adding duplicate image handler for 'IFF file'
Adding duplicate image handler for 'Windows icon file'
Adding duplicate image handler for 'Windows cursor file'
Adding duplicate image handler for 'Windows animated cursor file'
Adding duplicate image handler for 'TGA file'
Adding duplicate image handler for 'XPM file'
Adding duplicate image handler for 'WebP file'
Adding duplicate image handler for 'PNG file'
Adding duplicate image handler for 'JPEG file'
Adding duplicate image handler for 'TIFF file'
Adding duplicate image handler for 'GIF file'
Adding duplicate image handler for 'PNM file'
Adding duplicate image handler for 'PCX file'
Adding duplicate image handler for 'IFF file'
Adding duplicate image handler for 'Windows icon file'
Adding duplicate image handler for 'Windows cursor file'
Adding duplicate image handler for 'Windows animated cursor file'
Adding duplicate image handler for 'TGA file'
Adding duplicate image handler for 'XPM file'
Adding duplicate image handler for 'WebP file'
Adding duplicate image handler for 'PNG file'
Adding duplicate image handler for 'JPEG file'
Adding duplicate image handler for 'TIFF file'
Adding duplicate image handler for 'GIF file'
Adding duplicate image handler for 'PNM file'
Adding duplicate image handler for 'PCX file'
Adding duplicate image handler for 'IFF file'
Adding duplicate image handler for 'Windows icon file'
Adding duplicate image handler for 'Windows cursor file'
Adding duplicate image handler for 'Windows animated cursor file'
Adding duplicate image handler for 'TGA file'
Adding duplicate image handler for 'XPM file'
Adding duplicate image handler for 'WebP file'
Adding duplicate image handler for 'PNG file'
Adding duplicate image handler for 'JPEG file'
Adding duplicate image handler for 'TIFF file'
Adding duplicate image handler for 'GIF file'
Adding duplicate image handler for 'PNM file'
Adding duplicate image handler for 'PCX file'
Adding duplicate image handler for 'IFF file'
Adding duplicate image handler for 'Windows icon file'
Adding duplicate image handler for 'Windows cursor file'
Adding duplicate image handler for 'Windows animated cursor file'
Adding duplicate image handler for 'TGA file'
Adding duplicate image handler for 'XPM file'
Adding duplicate image handler for 'WebP file'
