battery                      rows  STALE  AMBIG  UNRES
mutate_553.py                  22      0      0       
mutate_554.py                  32      0      0       
mutate_619.py                  17      0      0       
mutate_620.py                  40      0      0       
mutate_698.py                  41      0      0       
mutate_702.py                  22      0      0       
mutate_703.py                  29      0      0       
mutate_705_792_794.py          25      0      0       
mutate_708.py                  17      0      0       
mutate_711.py                  35      0      0       
mutate_713_census.py            8      0      0       
mutate_713_phase1.py           17      0      0       
mutate_714.py                  24      0      0       
mutate_726.py                  19      0      0       
mutate_730.py                  29      0      0       
mutate_735.py                  23      0      0       
mutate_746.py                  17      0      0       
mutate_747.py                  26      0      0       
mutate_750.py                  17      0      0       
mutate_756.py                  31      0      0       
mutate_760.py                   7      0      0       
mutate_761.py                  24      0      0       
mutate_768.py                  31      0      0       
mutate_775.py                  15      0      0       
mutate_779.py                  11      0      0       
mutate_789.py                  16      0      0       
mutate_797.py                  31      0      0       
mutate_799.py                  25      0      0       
mutate_826.py                  12      0      0       
mutate_829.py                  23      0      0       
mutate_830.py                  19      0      0       
mutate_834_835.py              22      0      0       
mutate_837.py                  38      0      0       
mutate_846.py                  21      0      0       
mutate_847.py                  22      0      0       
mutate_849.py                  13      0      0       
mutate_850_848.py              26      0      0       
mutate_887.py                  62      0      0       
mutate_890.py                   9      0      0       
mutate_892.py                  27      0      0       
mutate_893_916.py              18      0      0       
mutate_894.py                   8      0      0       
mutate_900.py                  10      0      0       
mutate_902.py                  21      0      0       
mutate_903.py                  18      0      0       
mutate_904.py                  27      0      0       
mutate_923.py                  16      0      0       
mutate_936.py                  13      0      0       
mutate_937.py                  13      0      0       
mutate_941_942.py              19      0      0       

50 battery(s), 1108 anchor(s): no problems, 0 unresolved

