CMD: python.exe -X utf8 C:\Users\rob\Documents\prive\git\KRT-961-review-final\py_tools\check_floorplan.py C:\Users\rob\Documents\prive\git\KRT-961-review-final\docs\issue-961-evidence\final\exploratory-20260914-121113\work\out.kicad_pcb --intent C:\Users\rob\Documents\prive\git\KRT-961-review-final\docs\issue-961-evidence\final\exploratory-20260914-121113\work\intent.json --allow-unplaced --clearance .25 --board-edge-clearance .55 --json C:\Users\rob\Documents\prive\git\KRT-961-review-final\docs\issue-961-evidence\final\exploratory-20260914-121113\grade.json
ENV KNOBS: none
check_floorplan: WARNING - 15 footprint(s) are stacked on another (C1, C2, C3, C4, CON1, CON2, Q1, Q2) -- typically a netlist re-import dropping new parts at one spot on an otherwise-placed board
design brief: none; grading the supplied intent as written. Each entry retains its declared or inferred source.
grading at clearance 0.25 (cli), edge 0.55 (cli)
  WARNING [quench]: 18 footprint(s) have no courtyard (F/B.CrtYd) and fall back to their pad bounding box, which carries no courtyard margin: C1, C2, C3, C4, CON1, CON2, Q1, Q2, R1, R2, R3, R4, ...
Floorplan: out.kicad_pcb vs intent.json
  21 footprints, 0 block(s), 0 part(s) covered
  outline: 0 ring(s), 0 cutout(s), 0 milled contour(s)
  PASS: 2 rule(s) ran, no violations
    USB1 body_overhang: 0.0000mm (F.Fab); limit {'min': 0, 'max': 0.65}; source intent.edge_connectors; pass
    USB1 body_setback: 0.0000mm (F.Fab); limit {'max': 0.1}; source intent.edge_connectors; pass
    USB1 pad_copper_edge_gap: 1.3000mm (analytic pad copper extrema (custom pads: parsed polygons) vs rectangular Edge.Cuts centreline; other outlines sampled, not certified; no body/track/via/fill check); limit {'min': 0.55}; source {'value': 0.55, 'source': 'cli'}; pass
    USB1 copper_edge_shortfall: 0.0000mm (analytic pad copper extrema (custom pads: parsed polygons) vs rectangular Edge.Cuts centreline; other outlines sampled, not certified; no body/track/via/fill check); limit {'max': 0.0}; source {'value': 0.55, 'source': 'cli'}; pass
  along-edge seating (measured, not a verdict -- a violation needs a declared center_on_edge or along_edge_band):
    USB1 west: +1.75mm (+12.1% of the 14.50mm edge, bbox)
  12 rule(s) did not run:
    - assembly_side: the intent declares no assembly.sides
    - decap_distance: the intent declares no decaps.max_distance_mm
    - decap_pin_distance: the intent declares no decaps.max_pin_distance_mm
    - decap_ungraded: the intent declares no decaps.max_distance_mm
    - envelope: the intent declares no envelope.rect
    - keepout: the intent declares no keepouts
    - legality: the intent declares no legality_budget
    - must_lock: the intent declares no must_lock patterns
    - proximity: the intent declares no proximity claims
    - zone_containment: no block declares a zone
    - zone_exclusive: no block is marked exclusive
    - zone_side: no block declares a side
  wrote C:\Users\rob\Documents\prive\git\KRT-961-review-final\docs\issue-961-evidence\final\exploratory-20260914-121113\grade.json
JSON_SUMMARY: {"blocks": 0, "blocks_resolved": 0, "board": "out.kicad_pcb", "brief": null, "brief_absent": 0, "brief_declared": 0, "brief_drift": 0, "brief_unknown": 0, "brief_unknown_keys": [], "budget_abstained": 0, "budget_abstained_keys": [], "clearance_used": {"source": "cli", "value": 0.25}, "complete": true, "cutouts": 0, "decap_pins_by_channel": {}, "decap_pins_graded": 0, "edge_clearance_used": {"source": "cli", "value": 0.55}, "edge_contours": 0, "edge_seating_abstained": 0, "edge_seating_declared": 0, "edge_seating_rows": 1, "edge_seating_worst_offset_pct": 12.07, "errors": 0, "hole_shortfall": 0.0, "hpwl": 136.7838, "intent": "intent.json", "locked_contact_pairs": 0, "not_graded": {}, "oob_amount": 0.0, "oob_area": 0.0, "oob_count": 0, "overlap_area": 232.0511, "pad_conflict_pairs": 84, "pad_intersection_pairs": 83, "pad_overlap_pairs": 83, "pad_shortfall": 102.9297, "parts_covered": 0, "parts_total": 21, "pass": true, "rules_run": 2, "rules_skipped": 12, "state_duplicate_fraction": 0.8333, "state_has_copper": false, "state_outside_fraction": 0.0, "state_partially_unplaced": true, "state_spread_ratio": 0.6891, "state_unplaced": false, "violations": 0, "violations_by_rule": {}, "warnings": 0}
EXIT=0

STDERR
WARNING: 2 footprint block(s) share 1 reference(s) -- Ref* x2. Every block is kept; the later ones are keyed ~2, ~3 ... in file order, so this board parses as 21 parts. Legal in KiCad (a paired testpoint, a net tie), but rename them if they are meant to be distinct parts.
