CMD: python.exe -X utf8 C:\Users\rob\Documents\prive\git\KRT-961-review-final\py_placer\place_seed.py C:\Users\rob\Documents\prive\git\KRT-961-review-final\docs\issue-961-evidence\final\candidate-20260914-121056\seed-repair-fresh\baseline.kicad_pcb C:\Users\rob\Documents\prive\git\KRT-961-review-final\docs\issue-961-evidence\final\candidate-20260914-121056\seed-repair-fresh\out.kicad_pcb --intent C:\Users\rob\Documents\prive\git\KRT-961-review-final\docs\issue-961-evidence\final\candidate-20260914-121056\seed-repair-fresh\intent.json --clearance .2 --board-edge-clearance .25 --repair
ENV KNOBS: none
legality at clearance 0.2 (cli), edge 0.25 (cli)
Loading C:\Users\rob\Documents\prive\git\KRT-961-review-final\docs\issue-961-evidence\final\candidate-20260914-121056\seed-repair-fresh\baseline.kicad_pcb...
  WARNING [quench]: 18 footprint(s) have no courtyard (F/B.CrtYd) and fall back to their pad bounding box, which carries no courtyard margin: C1, C2, C3, C4, CON1, CON2, Q1, Q2, R1, R2, R3, R4, ...
Copper-to-hole clearance 0.25mm (from the board's own min_hole_clearance, above the 0.2mm fab floor)
  WARNING [quench]: 18 footprint(s) have no courtyard (F/B.CrtYd) and fall back to their pad bounding box, which carries no courtyard margin: C1, C2, C3, C4, CON1, CON2, Q1, Q2, R1, R2, R3, R4, ...
  Repair census: 0 conflict pair(s), all listed
  Containment census: 1 part(s) inside another part's body, all listed
  NOTE: USB1: no conflict-free seat found on the declared west edge band
Repair: 2 violator(s), 1 repaired (0 moved, max 0.00mm), 0 unresolved, 1 unrepairable
Modified 0 footprint positions
Successfully wrote C:\Users\rob\AppData\Local\Temp\krt_connector_candidate_6xq_t2dz\out.kicad_pcb
Copper-to-hole clearance 0.25mm (from the board's own min_hole_clearance, above the 0.2mm fab floor)
  WARNING [quench]: 18 footprint(s) have no courtyard (F/B.CrtYd) and fall back to their pad bounding box, which carries no courtyard margin: C1, C2, C3, C4, CON1, CON2, Q1, Q2, R1, R2, R3, R4, ...
  GRADE ERROR [edge_connector] USB1 body_overhang unmeasured: no body drawing on the footprint face
  GRADE ERROR [edge_connector] USB1 body_setback unmeasured: no body drawing on the footprint face
  WARNING [quench]: 18 footprint(s) have no courtyard (F/B.CrtYd) and fall back to their pad bounding box, which carries no courtyard margin: C1, C2, C3, C4, CON1, CON2, Q1, Q2, R1, R2, R3, R4, ...
REFUSED before publication: declared connector requirements failed or unmeasured
JSON_SUMMARY: {"complete": false, "connector_requirements": {"accepted": false, "complete": false, "edge_seating": [{"along_edge_fraction": 0.6207, "along_edge_offset_mm": 1.75, "along_edge_offset_pct": 12.07, "basis": "bbox", "body_measured": false, "body_overhang_basis": null, "body_overhang_mm": null, "body_requirement_declared": true, "body_setback_mm": null, "body_signed_position_mm": null, "body_unmeasured_reason": "no body drawing on the footprint face", "boundary_basis": "rectangular Edge.Cuts centreline", "clearance_parameters": {"board_edge_clearance_mm": 0.25, "copper_clearance_mm": 0.2, "effective_occupancy_margin_mm": 0.25, "physical_body_margin_mm": 0.0}, "copper_edge_complete": true, "copper_edge_findings": [], "copper_edge_shortfall_mm": 0.0, "copper_edge_unmeasured": [], "copper_rules_unmeasured": [], "declared": false, "edge": "west", "mating_face_basis": "drawn envelope support line toward declared edge", "measurements": {"body_overhang": {"declared_limit": {"max": 0.65, "min": 0}, "disposition": "unmeasured", "geometry_basis": null, "reason": "no body drawing on the footprint face", "requirement_source": "intent.edge_connectors", "units": "mm", "value": null}, "body_setback": {"declared_limit": {"max": 0.1}, "disposition": "unmeasured", "geometry_basis": null, "reason": "no body drawing on the footprint face", "requirement_source": "intent.edge_connectors", "units": "mm", "value": null}, "copper_edge_shortfall": {"declared_limit": {"max": 0.0}, "disposition": "pass", "geometry_basis": "analytic pad copper extrema (custom pads: parsed polygons) vs rectangular Edge.Cuts centreline; other outlines sampled, not certified; no body/track/via/fill check", "requirement_source": "resolved placement board_edge_clearance (independent of body intent)", "units": "mm", "value": 0.0}, "pad_copper_edge_gap": {"declared_limit": {"min": 0.25}, "disposition": "pass", "geometry_basis": "analytic pad copper extrema (custom pads: parsed polygons) vs rectangular Edge.Cuts centreline; other outlines sampled, not certified; no body/track/via/fill check", "requirement_source": "resolved placement board_edge_clearance (independent of body intent)", "units": "mm", "value": 1.3000000000000114}}, "overhang_basis": null, "overhang_mm": null, "pad_copper_declared_edge_gap_mm": 1.5999999999999943, "pad_copper_edge_gap_mm": 1.3000000000000114, "pad_copper_edge_gap_scope": "minimum over all board edges and copper pads", "ref": "USB1", "required_copper_edge_gap_mm": 0.25, "span_mm": 14.5, "units": "mm"}], "errors": ["USB1 body_overhang unmeasured: no body drawing on the footprint face", "USB1 body_setback unmeasured: no body drawing on the footprint face"], "unmeasured": {"edge_connectors[USB1].body_overhang": "no body drawing on the footprint face", "edge_connectors[USB1].body_setback": "no body drawing on the footprint face", "edge_connectors[USB1].edge": "no body drawing on the footprint face"}}, "dry_run": false, "grade_errors": 2, "grade_errors_pinned": 0, "hole_conflicts_after": 0, "hole_conflicts_before": 0, "max_move_mm": 0.0, "moved_refs": [], "oob_pad_count_after": 0, "oob_pad_count_before": 0, "output": null, "output_state": "unchanged", "pad_clearance_required": [], "pad_conflicts_after": 0, "pad_conflicts_before": 0, "pad_edge_after": {"argument_mm": 0.25, "basis": "analytic pad copper extrema (custom pads: parsed polygons) vs rectangular Edge.Cuts centreline; other outlines sampled, not certified; no body/track/via/fill check", "complete": true, "findings": [], "measured_pads": 75, "minimum_gap_by_edge_mm": {"east": 1.070999999999998, "north": 1.1110000000000042, "south": 0.7000000000000028, "west": 1.5999999999999943}, "minimum_gap_mm": 0.7000000000000028, "required_mm": 0.25, "rules_unmeasured": [], "source": "caller argument", "tolerance_mm": 1e-06, "units": "mm", "unmeasured": []}, "published": false, "refusal": "declared connector requirements failed or unmeasured", "repaired": 1, "status": "refused", "unrepairable": 1}
EXIT=4

STDERR
WARNING: 2 footprint block(s) share 1 reference(s) -- Ref* x2. Every block is kept; the later ones are keyed ~2, ~3 ... in file order, so this board parses as 21 parts. Legal in KiCad (a paired testpoint, a net tie), but rename them if they are meant to be distinct parts.
WARNING: 2 footprint block(s) share 1 reference(s) -- Ref* x2. Every block is kept; the later ones are keyed ~2, ~3 ... in file order, so this board parses as 21 parts. Legal in KiCad (a paired testpoint, a net tie), but rename them if they are meant to be distinct parts.
WARNING: 2 footprint block(s) share 1 reference(s) -- Ref* x2. Every block is kept; the later ones are keyed ~2, ~3 ... in file order, so this board parses as 21 parts. Legal in KiCad (a paired testpoint, a net tie), but rename them if they are meant to be distinct parts.
WARNING: 2 footprint block(s) share 1 reference(s) -- Ref* x2. Every block is kept; the later ones are keyed ~2, ~3 ... in file order, so this board parses as 21 parts. Legal in KiCad (a paired testpoint, a net tie), but rename them if they are meant to be distinct parts.
