CMD: python.exe -X utf8 C:\Users\rob\Documents\prive\git\KRT-961-review-repro\py_tools\check_floorplan.py C:\Users\rob\Documents\prive\git\KRT-961-review-repro\docs\issue-961-evidence\reproduction\candidate-bc8071\minus210\esp_prog.kicad_pcb --intent C:\Users\rob\Documents\prive\git\KRT-961-review-repro\docs\issue-961-evidence\reproduction\candidate-bc8071\zero.intent.json --clearance 0.55 --board-edge-clearance 0.55 --json C:\Users\rob\Documents\prive\git\KRT-961-review-repro\docs\issue-961-evidence\reproduction\candidate-bc8071\minus210\zero-c0.55-e0.55.cli.json
ENV KNOBS: none
design brief: none; grading the supplied intent as written. Each entry retains its declared or inferred source.
grading at clearance 0.55 (cli), edge 0.55 (cli)
  WARNING [quench]: 18 footprint(s) have no courtyard (F/B.CrtYd) and fall back to their pad bounding box, which carries no courtyard margin: C1, C2, C3, C4, CON1, CON2, Q1, Q2, R1, R2, R3, R4, ...
Floorplan: esp_prog.kicad_pcb vs zero.intent.json
  21 footprints, 0 block(s), 0 part(s) covered
  outline: 0 ring(s), 0 cutout(s), 0 milled contour(s)
  2 error(s), 4 warning(s) from 2 rule(s)
    [ERROR] edge_connector: USB1 body overhang 2.1000mm outside declared limit {'min': 0.0, 'max': 0.65} (F.Fab; west edge)
    [ERROR] edge_connector: USB1 pad copper edge clearance fail: 4 pad violation(s), required 0.55mm
    [warn ] pins_to_edge: CON2: 7 of 7 connected pads sit on a row facing the north edge (2.00mm) with no partner beyond -- their nets can only leave along the edge strip or under the part
    [warn ] pins_to_edge: Q2: 1 of 3 connected pads sit on a row facing the south edge (1.45mm) with no partner beyond -- their nets can only leave along the edge strip or under the part
    [warn ] pins_to_edge: U1: 8 of 17 connected pads sit on a row facing the south edge (1.88mm) with no partner beyond -- their nets can only leave along the edge strip or under the part
    [warn ] pins_to_edge: Y1: 2 of 4 connected pads sit on a row facing the south edge (1.40mm) with no partner beyond -- their nets can only leave along the edge strip or under the part
    USB1 body_overhang: 2.1000mm (F.Fab); limit {'min': 0.0, 'max': 0.65}; source intent.edge_connectors; fail
    USB1 body_setback: 0.0000mm (F.Fab); limit {'max': 0.0}; source intent.edge_connectors; pass
    USB1 pad_copper_edge_gap: -0.5000mm (analytic pad copper extrema (custom pads: parsed polygons) vs rectangular Edge.Cuts centreline; other outlines sampled, not certified; no body/track/via/fill check); limit {'min': 0.55}; source {'value': 0.55, 'source': 'cli'}; fail
    USB1 copper_edge_shortfall: 1.0500mm (analytic pad copper extrema (custom pads: parsed polygons) vs rectangular Edge.Cuts centreline; other outlines sampled, not certified; no body/track/via/fill check); limit {'max': 0.0}; source {'value': 0.55, 'source': 'cli'}; fail
  along-edge seating (measured, not a verdict -- a violation needs a declared center_on_edge or along_edge_band):
    USB1 west: +1.75mm (+12.1% of the 14.50mm edge, bbox)
  12 rule(s) did not run:
    - assembly_side: the intent declares no assembly.sides
    - decap_distance: the intent declares no decaps.max_distance_mm
    - decap_pin_distance: the intent declares no decaps.max_pin_distance_mm
    - decap_ungraded: the intent declares no decaps.max_distance_mm
    - envelope: the intent declares no envelope.rect
    - keepout: the intent declares no keepouts
    - legality: the intent declares no legality_budget
    - must_lock: the intent declares no must_lock patterns
    - proximity: the intent declares no proximity claims
    - zone_containment: no block declares a zone
    - zone_exclusive: no block is marked exclusive
    - zone_side: no block declares a side
  wrote C:\Users\rob\Documents\prive\git\KRT-961-review-repro\docs\issue-961-evidence\reproduction\candidate-bc8071\minus210\zero-c0.55-e0.55.cli.json
JSON_SUMMARY: {"blocks": 0, "blocks_resolved": 0, "board": "esp_prog.kicad_pcb", "brief": null, "brief_absent": 0, "brief_declared": 0, "brief_drift": 0, "brief_unknown": 0, "brief_unknown_keys": [], "budget_abstained": 0, "budget_abstained_keys": [], "clearance_used": {"source": "cli", "value": 0.55}, "complete": true, "cutouts": 0, "decap_pins_by_channel": {}, "decap_pins_graded": 0, "edge_clearance_used": {"source": "cli", "value": 0.55}, "edge_contours": 0, "edge_seating_abstained": 0, "edge_seating_declared": 0, "edge_seating_rows": 1, "edge_seating_worst_offset_pct": 12.07, "errors": 2, "hole_shortfall": 0.0, "hpwl": 262.3809, "intent": "zero.intent.json", "locked_contact_pairs": 0, "not_graded": {}, "oob_amount": 1.05, "oob_area": 8.82, "oob_count": 1, "overlap_area": 1.14, "pad_conflict_pairs": 2, "pad_intersection_pairs": 1, "pad_overlap_pairs": 1, "pad_shortfall": 4.4585, "parts_covered": 0, "parts_total": 21, "pass": false, "rules_run": 2, "rules_skipped": 12, "state_duplicate_fraction": 0.0, "state_has_copper": false, "state_outside_fraction": 0.0556, "state_partially_unplaced": false, "state_spread_ratio": 0.8608, "state_unplaced": false, "violations": 6, "violations_by_rule": {"edge_connector": 2, "pins_to_edge": 4}, "warnings": 4}
EXIT=4
WARNING: 2 footprint block(s) share 1 reference(s) -- Ref* x2. Every block is kept; the later ones are keyed ~2, ~3 ... in file order, so this board parses as 21 parts. Legal in KiCad (a paired testpoint, a net tie), but rename them if they are meant to be distinct parts.
