CMD: python.exe -X utf8 C:\Users\rob\Documents\prive\git\KRT-961-review-final\py_placer\place_reconstruct.py C:\Users\rob\Documents\prive\git\KRT-961-review-final\docs\issue-961-evidence\final\candidate-20260914-115442\reconstruct\baseline.kicad_pcb C:\Users\rob\Documents\prive\git\KRT-961-review-final\docs\issue-961-evidence\final\candidate-20260914-115442\reconstruct\out.kicad_pcb --intent C:\Users\rob\Documents\prive\git\KRT-961-review-final\docs\issue-961-evidence\final\candidate-20260914-115442\reconstruct\intent.json --clearance .2 --board-edge-clearance .25 --stages classify
ENV KNOBS: none
legality at clearance 0.2 (cli), edge 0.25 (cli)
Loading C:\Users\rob\Documents\prive\git\KRT-961-review-final\docs\issue-961-evidence\final\candidate-20260914-115442\reconstruct\baseline.kicad_pcb...
  WARNING [quench]: 18 footprint(s) have no courtyard (F/B.CrtYd) and fall back to their pad bounding box, which carries no courtyard margin: C1, C2, C3, C4, CON1, CON2, Q1, Q2, R1, R2, R3, R4, ...
Copper-to-hole clearance 0.25mm (from the board's own min_hole_clearance, above the 0.2mm fab floor)
Tiers: 0 locked, 2 zero-net (frame), 5 anchors (extent >= 3.8mm), 11 smalls
Declared edge parts (band max mm): USB1 (0.65)
Gate before: locked_contacts=0 pad_pairs=1 hole=0 oob=0 stacks=0 hpwl=253.981 overlap=1.14
Modified 0 footprint positions
Successfully wrote C:\Users\rob\Documents\prive\git\KRT-961-review-final\docs\issue-961-evidence\final\candidate-20260914-115442\reconstruct\out.kicad_pcb.staging.kicad_pcb
Copper-to-hole clearance 0.25mm (from the board's own min_hole_clearance, above the 0.2mm fab floor)
Final (exact): 0 pad conflict pair(s), 0 hole conflict(s), 0 part(s) with pad copper off-board, 0 blocking body pair(s)
JSON_SUMMARY: {"assign_moved": [], "assign_pruned": [], "complete": true, "edge_bands": {"USB1": 0.65}, "final": {"body_advisory": 6, "body_blocking": 0, "body_pairs": [{"a": "CON2", "area_mm2": 1.456, "b": "U2", "contained": false, "contained_frac": 0.0538, "depth_mm": 0.28, "kind": "courtyard", "locked_ref": "", "overlap_rect": [131.64, 93.99, 136.84, 94.27], "shorts": [], "side": "F", "waived": false, "waiver": ""}, {"a": "CON2", "area_mm2": 1.456, "b": "U2", "contained": false, "contained_frac": 0.0538, "depth_mm": 0.28, "kind": "fab", "locked_ref": "", "overlap_rect": null, "shorts": [], "side": "F", "waived": false, "waiver": ""}, {"a": "R1", "area_mm2": 0.6314, "b": "U2", "contained": false, "contained_frac": 0.7573, "depth_mm": 0.55, "kind": "courtyard", "locked_ref": "", "overlap_rect": [136.125, 98.042, 136.675, 99.19], "shorts": [], "side": "F", "waived": false, "waiver": ""}, {"a": "R1", "area_mm2": 0.442, "b": "U2", "contained": true, "contained_frac": 0.8917, "depth_mm": 0.4978, "kind": "fab", "locked_ref": "", "overlap_rect": null, "shorts": [], "side": "F", "waived": false, "waiver": ""}, {"a": "Q1", "area_mm2": 0.07, "b": "R4", "contained": false, "contained_frac": 0.084, "depth_mm": 0.125, "kind": "courtyard", "locked_ref": "", "overlap_rect": [140.242, 98.25, 140.8024, 98.375], "shorts": [], "side": "F", "waived": false, "waiver": ""}, {"a": "Q2", "area_mm2": 0.07, "b": "R3", "contained": false, "contained_frac": 0.084, "depth_mm": 0.125, "kind": "courtyard", "locked_ref": "", "overlap_rect": [140.242, 101.65, 140.8024, 101.775], "shorts": [], "side": "F", "waived": false, "waiver": ""}], "exact": true, "hole_conflicts": 0, "oob_pad_amount": 0.0, "oob_pad_count": 0, "pad_conflicts": 0, "pad_edge": {"argument_mm": 0.25, "basis": "analytic pad copper extrema (custom pads: parsed polygons) vs rectangular Edge.Cuts centreline; other outlines sampled, not certified; no body/track/via/fill check", "complete": true, "findings": [], "measured_pads": 75, "minimum_gap_by_edge_mm": {"east": 1.070999999999998, "north": 1.1110000000000042, "south": 0.7000000000000028, "west": 1.5999999999999943}, "minimum_gap_mm": 0.7000000000000028, "required_mm": 0.25, "rules_unmeasured": [], "source": "caller argument", "tolerance_mm": 1e-06, "units": "mm", "unmeasured": []}, "pad_edge_conflicts": 0, "pad_edge_shortfall": 0, "pad_edge_unmeasured": 0, "pad_shortfall": 0.0}, "gate_after_assign": [0, 1, 0.0, 0.0, 0, 253.981, 1.14], "gate_before": [0, 1, 0.0, 0.0, 0, 253.981, 1.14], "output": "C:\\Users\\rob\\Documents\\prive\\git\\KRT-961-review-final\\docs\\issue-961-evidence\\final\\candidate-20260914-115442\\reconstruct\\out.kicad_pcb", "stages_requested": ["classify"], "status": "ok", "tiers": {"anchor_extent_mm": 3.8, "anchors": ["CON1", "CON2", "U1", "U2", "USB1"], "edge": ["USB1"], "locked": [], "smalls": ["C1", "C2", "C3", "C4", "Q1", "Q2", "R1", "R2", "R3", "R4", "Y1"], "zero_net": ["Ref*", "Ref*~2"]}}
EXIT=0

STDERR
WARNING: 2 footprint block(s) share 1 reference(s) -- Ref* x2. Every block is kept; the later ones are keyed ~2, ~3 ... in file order, so this board parses as 21 parts. Legal in KiCad (a paired testpoint, a net tie), but rename them if they are meant to be distinct parts.
WARNING: 2 footprint block(s) share 1 reference(s) -- Ref* x2. Every block is kept; the later ones are keyed ~2, ~3 ... in file order, so this board parses as 21 parts. Legal in KiCad (a paired testpoint, a net tie), but rename them if they are meant to be distinct parts.
WARNING: 2 footprint block(s) share 1 reference(s) -- Ref* x2. Every block is kept; the later ones are keyed ~2, ~3 ... in file order, so this board parses as 21 parts. Legal in KiCad (a paired testpoint, a net tie), but rename them if they are meant to be distinct parts.
WARNING: 2 footprint block(s) share 1 reference(s) -- Ref* x2. Every block is kept; the later ones are keyed ~2, ~3 ... in file order, so this board parses as 21 parts. Legal in KiCad (a paired testpoint, a net tie), but rename them if they are meant to be distinct parts.
WARNING: 2 footprint block(s) share 1 reference(s) -- Ref* x2. Every block is kept; the later ones are keyed ~2, ~3 ... in file order, so this board parses as 21 parts. Legal in KiCad (a paired testpoint, a net tie), but rename them if they are meant to be distinct parts.
WARNING: 2 footprint block(s) share 1 reference(s) -- Ref* x2. Every block is kept; the later ones are keyed ~2, ~3 ... in file order, so this board parses as 21 parts. Legal in KiCad (a paired testpoint, a net tie), but rename them if they are meant to be distinct parts.
WARNING: 2 footprint block(s) share 1 reference(s) -- Ref* x2. Every block is kept; the later ones are keyed ~2, ~3 ... in file order, so this board parses as 21 parts. Legal in KiCad (a paired testpoint, a net tie), but rename them if they are meant to be distinct parts.
WARNING: 2 footprint block(s) share 1 reference(s) -- Ref* x2. Every block is kept; the later ones are keyed ~2, ~3 ... in file order, so this board parses as 21 parts. Legal in KiCad (a paired testpoint, a net tie), but rename them if they are meant to be distinct parts.
