CMD: python.exe -X utf8 C:\Users\rob\Documents\prive\git\KRT-961-review-final\py_tools\check_floorplan.py C:\Users\rob\Documents\prive\git\KRT-961-review-final\docs\issue-961-evidence\final\candidate-20260914-115442\seed-force\out.kicad_pcb --intent C:\Users\rob\Documents\prive\git\KRT-961-review-final\docs\issue-961-evidence\final\candidate-20260914-115442\seed-force\intent.json --clearance .2 --board-edge-clearance .25 --json C:\Users\rob\Documents\prive\git\KRT-961-review-final\docs\issue-961-evidence\final\candidate-20260914-115442\seed-force-floorplan.json
ENV KNOBS: none
design brief: none; grading the supplied intent as written. Each entry retains its declared or inferred source.
grading at clearance 0.2 (cli), edge 0.25 (cli)
  WARNING [quench]: 18 footprint(s) have no courtyard (F/B.CrtYd) and fall back to their pad bounding box, which carries no courtyard margin: C1, C2, C3, C4, CON1, CON2, Q1, Q2, R1, R2, R3, R4, ...
Copper-to-hole clearance 0.25mm (from the board's own min_hole_clearance, above the 0.2mm fab floor)
Floorplan: out.kicad_pcb vs intent.json
  21 footprints, 0 block(s), 0 part(s) covered
  outline: 0 ring(s), 0 cutout(s), 0 milled contour(s)
  ALSO NOT FULLY GRADED: 3 budget_abstained -- the violations below are what WAS measured, not all of it
  2 error(s), 1 warning(s) from 2 rule(s)
    [ERROR] edge_connector: USB1 body_overhang unmeasured: no body drawing on the footprint face
    [ERROR] edge_connector: USB1 body_setback unmeasured: no body drawing on the footprint face
    [warn ] pins_to_edge: Q1: 1 of 3 connected pads sit on a row facing the south edge (1.35mm) with no partner beyond -- their nets can only leave along the edge strip or under the part
    USB1 body_overhang: unmeasured (None); limit {'min': 0, 'max': 0.65}; source intent.edge_connectors; unmeasured -- no body drawing on the footprint face
    USB1 body_setback: unmeasured (None); limit {'max': 0.1}; source intent.edge_connectors; unmeasured -- no body drawing on the footprint face
    USB1 pad_copper_edge_gap: 0.7130mm (analytic pad copper extrema (custom pads: parsed polygons) vs rectangular Edge.Cuts centreline; other outlines sampled, not certified; no body/track/via/fill check); limit {'min': 0.25}; source {'value': 0.25, 'source': 'cli'}; pass
    USB1 copper_edge_shortfall: 0.0000mm (analytic pad copper extrema (custom pads: parsed polygons) vs rectangular Edge.Cuts centreline; other outlines sampled, not certified; no body/track/via/fill check); limit {'max': 0.0}; source {'value': 0.25, 'source': 'cli'}; pass
  along-edge seating (measured, not a verdict -- a violation needs a declared center_on_edge or along_edge_band):
    USB1 west: +2.34mm (+16.1% of the 14.50mm edge, bbox)
  3 declared value(s) NOT DERIVABLE -- not graded, not passed:
    - edge_connectors[USB1].body_overhang: no body drawing on the footprint face
    - edge_connectors[USB1].body_setback: no body drawing on the footprint face
    - edge_connectors[USB1].edge: no body drawing on the footprint face
  12 rule(s) did not run:
    - assembly_side: the intent declares no assembly.sides
    - decap_distance: the intent declares no decaps.max_distance_mm
    - decap_pin_distance: the intent declares no decaps.max_pin_distance_mm
    - decap_ungraded: the intent declares no decaps.max_distance_mm
    - envelope: the intent declares no envelope.rect
    - keepout: the intent declares no keepouts
    - legality: the intent declares no legality_budget
    - must_lock: the intent declares no must_lock patterns
    - proximity: the intent declares no proximity claims
    - zone_containment: no block declares a zone
    - zone_exclusive: no block is marked exclusive
    - zone_side: no block declares a side
  wrote C:\Users\rob\Documents\prive\git\KRT-961-review-final\docs\issue-961-evidence\final\candidate-20260914-115442\seed-force-floorplan.json
JSON_SUMMARY: {"blocks": 0, "blocks_resolved": 0, "board": "out.kicad_pcb", "brief": null, "brief_absent": 0, "brief_declared": 0, "brief_drift": 0, "brief_unknown": 0, "brief_unknown_keys": [], "budget_abstained": 3, "budget_abstained_keys": ["edge_connectors[USB1].body_overhang", "edge_connectors[USB1].body_setback", "edge_connectors[USB1].edge"], "clearance_used": {"source": "cli", "value": 0.2}, "complete": false, "cutouts": 0, "decap_pins_by_channel": {}, "decap_pins_graded": 0, "edge_clearance_used": {"source": "cli", "value": 0.25}, "edge_contours": 0, "edge_seating_abstained": 0, "edge_seating_declared": 0, "edge_seating_rows": 1, "edge_seating_worst_offset_pct": 16.12, "errors": 2, "hole_shortfall": 0.0, "hpwl": 272.8992, "intent": "intent.json", "locked_contact_pairs": 0, "not_graded": {"budget_abstained": 3}, "oob_amount": 0.0, "oob_area": 0.0, "oob_count": 0, "overlap_area": 0.0, "pad_conflict_pairs": 1, "pad_intersection_pairs": 0, "pad_overlap_pairs": 0, "pad_shortfall": 0.0559, "parts_covered": 0, "parts_total": 21, "pass": false, "rules_run": 2, "rules_skipped": 12, "state_duplicate_fraction": 0.0, "state_has_copper": false, "state_outside_fraction": 0.0, "state_partially_unplaced": false, "state_spread_ratio": 0.7477, "state_unplaced": false, "violations": 3, "violations_by_rule": {"edge_connector": 2, "pins_to_edge": 1}, "warnings": 1}
EXIT=4

STDERR
WARNING: 2 footprint block(s) share 1 reference(s) -- Ref* x2. Every block is kept; the later ones are keyed ~2, ~3 ... in file order, so this board parses as 21 parts. Legal in KiCad (a paired testpoint, a net tie), but rename them if they are meant to be distinct parts.
  NOT FULLY GRADED: 3 budget_abstained. A channel the intent asked for was never measured, so this is an absent verdict, not a clean one.
