CMD: python.exe -X utf8 C:\Users\rob\Documents\prive\git\KRT-961-review-final\py_placer\place_seed.py C:\Users\rob\Documents\prive\git\KRT-961-review-final\docs\issue-961-evidence\final\candidate-20260914-115442\seed-force\baseline.kicad_pcb C:\Users\rob\Documents\prive\git\KRT-961-review-final\docs\issue-961-evidence\final\candidate-20260914-115442\seed-force\out.kicad_pcb --intent C:\Users\rob\Documents\prive\git\KRT-961-review-final\docs\issue-961-evidence\final\candidate-20260914-115442\seed-force\intent.json --clearance .2 --board-edge-clearance .25 --force --no-polish
ENV KNOBS: none
legality at clearance 0.2 (cli), edge 0.25 (cli)
Loading C:\Users\rob\Documents\prive\git\KRT-961-review-final\docs\issue-961-evidence\final\candidate-20260914-115442\seed-force\baseline.kicad_pcb...
  WARNING [quench]: 18 footprint(s) have no courtyard (F/B.CrtYd) and fall back to their pad bounding box, which carries no courtyard margin: C1, C2, C3, C4, CON1, CON2, Q1, Q2, R1, R2, R3, R4, ...
Copper-to-hole clearance 0.25mm (from the board's own min_hole_clearance, above the 0.2mm fab floor)
  NOTE: edge connector USB1: the overhang walk did not converge on the west edge, so stage 1 left it for the later stages
Seeded 18 part(s); 0 unseated; 0 to lock
Modified 18 footprint positions
Successfully wrote C:\Users\rob\AppData\Local\Temp\place_seed_final_ee975uuj\candidate.kicad_pcb
Stamped (locked yes) on 0 part(s)
  WARNING [quench]: 18 footprint(s) have no courtyard (F/B.CrtYd) and fall back to their pad bounding box, which carries no courtyard margin: C1, C2, C3, C4, CON1, CON2, Q1, Q2, R1, R2, R3, R4, ...
Copper-to-hole clearance 0.25mm (from the board's own min_hole_clearance, above the 0.2mm fab floor)
  GRADE ERROR [edge_connector] USB1 body_overhang unmeasured: no body drawing on the footprint face
  GRADE ERROR [edge_connector] USB1 body_setback unmeasured: no body drawing on the footprint face
JSON_SUMMARY: {"crossings": null, "evictions": 0, "evictions_reverted": 0, "grade_errors": 2, "grade_errors_pinned": 0, "grade_warnings": 1, "hole_conflicts_added": 0, "hpwl": null, "locked": 0, "no_pose_blockers": {}, "no_pose_census": {}, "no_pose_verdict": {}, "output": "C:\\Users\\rob\\Documents\\prive\\git\\KRT-961-review-final\\docs\\issue-961-evidence\\final\\candidate-20260914-115442\\seed-force\\out.kicad_pcb", "pad_conflicts_inherited": 0, "pad_conflicts_seeded": 0, "pad_conflicts_seeded_pairs": [], "pad_edge_after": {"argument_mm": 0.25, "basis": "analytic pad copper extrema (custom pads: parsed polygons) vs rectangular Edge.Cuts centreline; other outlines sampled, not certified; no body/track/via/fill check", "complete": true, "findings": [], "measured_pads": 75, "minimum_gap_by_edge_mm": {"east": 2.9250000000000114, "north": 0.5750000000000028, "south": 0.7130000000000081, "west": 4.719999999999999}, "minimum_gap_mm": 0.5750000000000028, "required_mm": 0.25, "rules_unmeasured": [], "source": "caller argument", "tolerance_mm": 1e-06, "units": "mm", "unmeasured": []}, "pad_edge_before": {"argument_mm": 0.25, "basis": "analytic pad copper extrema (custom pads: parsed polygons) vs rectangular Edge.Cuts centreline; other outlines sampled, not certified; no body/track/via/fill check", "complete": true, "findings": [], "measured_pads": 75, "minimum_gap_by_edge_mm": {"east": 1.070999999999998, "north": 1.1110000000000042, "south": 0.7000000000000028, "west": 1.5999999999999943}, "minimum_gap_mm": 0.7000000000000028, "required_mm": 0.25, "rules_unmeasured": [], "source": "caller argument", "tolerance_mm": 1e-06, "units": "mm", "unmeasured": []}, "placed": 18, "rotation_unseated": {}, "unseated": 0, "unseated_refs": []}
EXIT=4

STDERR
WARNING: 2 footprint block(s) share 1 reference(s) -- Ref* x2. Every block is kept; the later ones are keyed ~2, ~3 ... in file order, so this board parses as 21 parts. Legal in KiCad (a paired testpoint, a net tie), but rename them if they are meant to be distinct parts.
WARNING: 2 footprint block(s) share 1 reference(s) -- Ref* x2. Every block is kept; the later ones are keyed ~2, ~3 ... in file order, so this board parses as 21 parts. Legal in KiCad (a paired testpoint, a net tie), but rename them if they are meant to be distinct parts.
WARNING: 2 footprint block(s) share 1 reference(s) -- Ref* x2. Every block is kept; the later ones are keyed ~2, ~3 ... in file order, so this board parses as 21 parts. Legal in KiCad (a paired testpoint, a net tie), but rename them if they are meant to be distinct parts.
WARNING: 2 footprint block(s) share 1 reference(s) -- Ref* x2. Every block is kept; the later ones are keyed ~2, ~3 ... in file order, so this board parses as 21 parts. Legal in KiCad (a paired testpoint, a net tie), but rename them if they are meant to be distinct parts.
WARNING: 2 footprint block(s) share 1 reference(s) -- Ref* x2. Every block is kept; the later ones are keyed ~2, ~3 ... in file order, so this board parses as 21 parts. Legal in KiCad (a paired testpoint, a net tie), but rename them if they are meant to be distinct parts.
WARNING: 2 footprint block(s) share 1 reference(s) -- Ref* x2. Every block is kept; the later ones are keyed ~2, ~3 ... in file order, so this board parses as 21 parts. Legal in KiCad (a paired testpoint, a net tie), but rename them if they are meant to be distinct parts.
WARNING: 2 footprint block(s) share 1 reference(s) -- Ref* x2. Every block is kept; the later ones are keyed ~2, ~3 ... in file order, so this board parses as 21 parts. Legal in KiCad (a paired testpoint, a net tie), but rename them if they are meant to be distinct parts.
place_seed: the seed does NOT satisfy its intent -- see the errors above. It was still written, for inspection.
