CMD: python.exe -X utf8 C:\Users\rob\Documents\prive\git\KRT-961-review-final\py_placer\place_seed.py C:\Users\rob\Documents\prive\git\KRT-961-review-final\docs\issue-961-evidence\final\candidate-20260914-115442\seed-repair\baseline.kicad_pcb C:\Users\rob\Documents\prive\git\KRT-961-review-final\docs\issue-961-evidence\final\candidate-20260914-115442\seed-repair\out.kicad_pcb --intent C:\Users\rob\Documents\prive\git\KRT-961-review-final\docs\issue-961-evidence\final\candidate-20260914-115442\seed-repair\intent.json --clearance .2 --board-edge-clearance .25 --repair
ENV KNOBS: none
legality at clearance 0.2 (cli), edge 0.25 (cli)
Loading C:\Users\rob\Documents\prive\git\KRT-961-review-final\docs\issue-961-evidence\final\candidate-20260914-115442\seed-repair\baseline.kicad_pcb...
  WARNING [quench]: 18 footprint(s) have no courtyard (F/B.CrtYd) and fall back to their pad bounding box, which carries no courtyard margin: C1, C2, C3, C4, CON1, CON2, Q1, Q2, R1, R2, R3, R4, ...
Copper-to-hole clearance 0.25mm (from the board's own min_hole_clearance, above the 0.2mm fab floor)
  WARNING [quench]: 18 footprint(s) have no courtyard (F/B.CrtYd) and fall back to their pad bounding box, which carries no courtyard margin: C1, C2, C3, C4, CON1, CON2, Q1, Q2, R1, R2, R3, R4, ...
  Repair census: 0 conflict pair(s), all listed
  Containment census: 1 part(s) inside another part's body, all listed
  NOTE: USB1: no conflict-free seat found on the declared west edge band
Repair: 2 violator(s), 1 repaired (0 moved, max 0.00mm), 0 unresolved, 1 unrepairable
Modified 0 footprint positions
Successfully wrote C:\Users\rob\Documents\prive\git\KRT-961-review-final\docs\issue-961-evidence\final\candidate-20260914-115442\seed-repair\out.kicad_pcb
Copper-to-hole clearance 0.25mm (from the board's own min_hole_clearance, above the 0.2mm fab floor)
  WARNING [quench]: 18 footprint(s) have no courtyard (F/B.CrtYd) and fall back to their pad bounding box, which carries no courtyard margin: C1, C2, C3, C4, CON1, CON2, Q1, Q2, R1, R2, R3, R4, ...
  GRADE ERROR [edge_connector] USB1 body_overhang unmeasured: no body drawing on the footprint face
  GRADE ERROR [edge_connector] USB1 body_setback unmeasured: no body drawing on the footprint face
JSON_SUMMARY: {"complete": true, "dry_run": false, "grade_errors": 2, "grade_errors_pinned": 0, "hole_conflicts_after": 0, "hole_conflicts_before": 0, "max_move_mm": 0.0, "moved_refs": [], "oob_pad_count_after": 0, "oob_pad_count_before": 0, "output": "C:\\Users\\rob\\Documents\\prive\\git\\KRT-961-review-final\\docs\\issue-961-evidence\\final\\candidate-20260914-115442\\seed-repair\\out.kicad_pcb", "pad_clearance_required": [], "pad_conflicts_after": 0, "pad_conflicts_before": 0, "pad_edge_after": {"argument_mm": 0.25, "basis": "analytic pad copper extrema (custom pads: parsed polygons) vs rectangular Edge.Cuts centreline; other outlines sampled, not certified; no body/track/via/fill check", "complete": true, "findings": [], "measured_pads": 75, "minimum_gap_by_edge_mm": {"east": 1.070999999999998, "north": 1.1110000000000042, "south": 0.7000000000000028, "west": 1.5999999999999943}, "minimum_gap_mm": 0.7000000000000028, "required_mm": 0.25, "rules_unmeasured": [], "source": "caller argument", "tolerance_mm": 1e-06, "units": "mm", "unmeasured": []}, "repaired": 1, "status": "ok", "unrepairable": 1}
EXIT=4

STDERR
WARNING: 2 footprint block(s) share 1 reference(s) -- Ref* x2. Every block is kept; the later ones are keyed ~2, ~3 ... in file order, so this board parses as 21 parts. Legal in KiCad (a paired testpoint, a net tie), but rename them if they are meant to be distinct parts.
WARNING: 2 footprint block(s) share 1 reference(s) -- Ref* x2. Every block is kept; the later ones are keyed ~2, ~3 ... in file order, so this board parses as 21 parts. Legal in KiCad (a paired testpoint, a net tie), but rename them if they are meant to be distinct parts.
WARNING: 2 footprint block(s) share 1 reference(s) -- Ref* x2. Every block is kept; the later ones are keyed ~2, ~3 ... in file order, so this board parses as 21 parts. Legal in KiCad (a paired testpoint, a net tie), but rename them if they are meant to be distinct parts.
WARNING: 2 footprint block(s) share 1 reference(s) -- Ref* x2. Every block is kept; the later ones are keyed ~2, ~3 ... in file order, so this board parses as 21 parts. Legal in KiCad (a paired testpoint, a net tie), but rename them if they are meant to be distinct parts.
WARNING: 2 footprint block(s) share 1 reference(s) -- Ref* x2. Every block is kept; the later ones are keyed ~2, ~3 ... in file order, so this board parses as 21 parts. Legal in KiCad (a paired testpoint, a net tie), but rename them if they are meant to be distinct parts.
WARNING: 2 footprint block(s) share 1 reference(s) -- Ref* x2. Every block is kept; the later ones are keyed ~2, ~3 ... in file order, so this board parses as 21 parts. Legal in KiCad (a paired testpoint, a net tie), but rename them if they are meant to be distinct parts.
